inj{SortGeneratedTopCell{}, SortKItem{}}(Lbl'-LT-'generatedTop'-GT-'{}(Lbl'-LT-'k'-GT-'{}(kseq{}(inj{SortBytes{}, SortKItem{}}(\dv{SortBytes{}}("")),kseq{}(inj{SortBytes{}, SortKItem{}}(\dv{SortBytes{}}("3132")),dotk{}()))),Lbl'-LT-'generatedCounter'-GT-'{}(\dv{SortInt{}}("0"))))