<generatedTop>
  <k>
    b ~> .
  </k>
  <foo>
    baz ~> .
  </foo>
</generatedTop>
