  T
#Equals
  ( int -> ( int -> int ) ) -> ( int -> ( int -> int ) )
