OK

==========
Statistics
==========

Objects created:
   Main |-> 1
   X |-> 1
   Z |-> 2
   Y |-> 2

Methods invoked:
   Main.Main |-> 1
   X.X |-> 1
   Z.Z |-> 2
   Y.Y |-> 2
