5 6
11 0
<generatedTop>
  .TCell
  <statistics>
    <object-count>
      C |-> 1
      Main |-> 1
    </object-count>
    <method-count>
      C . C |-> 1
      C . add |-> 1
      C . print2 |-> 2
      Main . Main |-> 1
    </method-count>
  </statistics>
</generatedTop>
