7
<generatedTop>
  .TCell
  <statistics>
    <object-count>
      Main |-> 1
    </object-count>
    <method-count>
      Main . Main |-> 1
      Main . foo |-> 1
    </method-count>
  </statistics>
</generatedTop>
