0 1 2 3 4 5 6 7 8 9 

==========
Statistics
==========

Objects created:
   Main |-> 1
   B |-> 8
   A |-> 14
   C |-> 10

Methods invoked:
   Main.Main |-> 1
   C.C |-> 10
   B.B |-> 8
   A.A |-> 14
