0 1 2 3 4

==========
Statistics
==========

Objects created:
   Main |-> 1
   B |-> 1
   A |-> 1

Methods invoked:
   Main.Main |-> 1
   A.inc |-> 4
   B.getM |-> 2
   B.B |-> 1
   A.A |-> 1
