    S
  #Equals
    "x = 5\n"
#Or
    S
  #Equals
    "x = 10\n"
#Or
    S
  #Equals
    "x = 15\n"
#Or
    S
  #Equals
    "x = 20\n"
