  S
#Equals
  "7\nReachable with halt, but not with abort.\n"
