    Solution
  #Equals
    X:Term |-> david
#Or
    Solution
  #Equals
    X:Term |-> jim
#Or
    Solution
  #Equals
    X:Term |-> steve
