  Solution
#Equals
  S:Term |-> [ 3 , .Vals | [ 5 , .Vals | [ .Vals ] ] ]
