    Solution
  #Equals
    X:Term |-> c
#Or
    Solution
  #Equals
    X:Term |-> e
