  Solution
#Equals
  L:Term |-> cons ( c , cons ( b , cons ( a , nil , .Vals ) , .Vals ) , .Vals )
