<k>
  assignmentResult ( Z |-> 3
  ( MAP [ Y <- 2 ] ) )
</k>
