<generatedTop>
  <k>
    2
  </k>
  <r>
    0
  </r>
</generatedTop>
