  <k>
    assignmentResult ( ( MAP
    X:MyId |-> 1 ) [ Z:MyId <- 3 ] ) ~> .
  </k>
#And
  {
    X:MyId in_keys ( MAP )
  #Equals
    false
  }
