  #Not ( {
    Y
  #Equals
    Z
  } )
#And
  <k>
    assignmentResult ( MAP [ Y:MyId <- 2 ]
    Z:MyId |-> 3 ) ~> .
  </k>
#And
  {
    Z:MyId in_keys ( MAP )
  #Equals
    false
  }
