  #Not ( {
    X
  #Equals
    Z
  } )
#And
  <k>
    inkeysResult ( true ) ~> .
  </k>
#And
  {
    X:MyId in_keys ( M )
  #Equals
    false
  }
#And
  {
    Z:MyId in_keys ( M )
  #Equals
    false
  }
#And
  {
    false
  #Equals
    X:MyId in_keys ( M )
  }
