  <k>
    lookupResult ( 2 ~> . ) ~> .
  </k>
#And
  {
    Z:MyId in_keys ( MAP )
  #Equals
    false
  }
