  <k>
    removeResult ( ( MAP
    Z:MyId |-> 1 ) [ Y:MyId <- undef ] [ Z:MyId ] ~> . ) ~> .
  </k>
#And
  {
    Z:MyId in_keys ( ( MAP
    Z:MyId |-> 1 ) [ Y:MyId <- undef ] )
  #Equals
    true
  }
#And
  {
    Z:MyId in_keys ( MAP )
  #Equals
    false
  }
