<k>
  assignmentResult ( 0 |-> 5
  1 |-> 4
  X |-> 3 )
</k>
