<k>
  assignmentResult ( X |-> 3
  x |-> 5
  y |-> 4 )
</k>
