[Error] Compiler: Had 1 structural errors after macro expansion.
  while executing phase "expand macros" on sentence at
	Source(macroWithFunction.k)
	Location(22,10,22,37)
[Error] Compiler: Illegal function symbol on LHS of rule.
	Source(macroWithFunction.k)
	Location(13,25,13,35)
[Warning] Compiler: Could not find main syntax module with name
MACROWITHFUNCTION-SYNTAX in definition.  Use --syntax-module to specify one.
Using MACROWITHFUNCTION as default.
