[Error] Compiler: Found variable _Gen0 on right hand side of rule, not bound on left hand side. Did you mean "?_Gen0"?
	Source(recordOnRhs.k)
	Location(6,11,6,19)
[Error] Compiler: Had 1 structural errors.
