`<k>`(`___WASM`(`(__)_WASM`(`foo_WASM`(.KList),`.List{"___WASM"}`(.KList)),`___WASM`(`(__)_WASM`(`bar_WASM`(.KList),`.List{"___WASM"}`(.KList)),`.List{"___WASM"}`(.KList))))

