[Error] Compiler: Had 1 structural errors.
[Error] Compiler: Symbol 'foo(_)_CHECKUNUSEDSYMBOL_Foo_Int' defined but not
used.
	Source(checkUnusedSymbol.k)
	Location(9,18,9,25)
