  V
#Equals
  closure ( .Map , Nothing -> 7 | .Cases )
