    S
  #Equals
    "22"
#Or
    S
  #Equals
    "23"
#Or
    S
  #Equals
    "32"
#Or
    S
  #Equals
    "33"
